2025-09-08T16:54:59.6811051Z ##[group]Run subosito/flutter-action@v2
2025-09-08T16:54:59.6812359Z with:
2025-09-08T16:54:59.6813077Z   flutter-version: 3.16.0
2025-09-08T16:54:59.6813960Z   channel: stable
2025-09-08T16:54:59.6814719Z   architecture: X64
2025-09-08T16:54:59.6815492Z   cache: false
2025-09-08T16:54:59.6816405Z   pub-cache-path: default
2025-09-08T16:54:59.6817237Z   dry-run: false
2025-09-08T16:54:59.6818149Z   git-source: https://github.com/flutter/flutter.git
2025-09-08T16:54:59.6819230Z ##[endgroup]
2025-09-08T16:54:59.6956958Z ##[group]Run chmod +x "$GITHUB_ACTION_PATH/setup.sh"
2025-09-08T16:54:59.6958219Z [36;1mchmod +x "$GITHUB_ACTION_PATH/setup.sh"[0m
2025-09-08T16:54:59.7182454Z shell: /usr/bin/bash --noprofile --norc -e -o pipefail {0}
2025-09-08T16:54:59.7183949Z ##[endgroup]
2025-09-08T16:54:59.7353765Z ##[group]Run $GITHUB_ACTION_PATH/setup.sh -p \
2025-09-08T16:54:59.7354944Z [36;1m$GITHUB_ACTION_PATH/setup.sh -p \[0m
2025-09-08T16:54:59.7356379Z [36;1m  -n '3.16.0' \[0m
2025-09-08T16:54:59.7357189Z [36;1m  -f '' \[0m
2025-09-08T16:54:59.7357973Z [36;1m  -a 'X64' \[0m
2025-09-08T16:54:59.7358886Z [36;1m  -k '' \[0m
2025-09-08T16:54:59.7359630Z [36;1m  -c '' \[0m
2025-09-08T16:54:59.7360344Z [36;1m  -l '' \[0m
2025-09-08T16:54:59.7361089Z [36;1m  -d 'default' \[0m
2025-09-08T16:54:59.7362081Z [36;1m  -g 'https://github.com/flutter/flutter.git' \[0m
2025-09-08T16:54:59.7363170Z [36;1m  stable[0m
2025-09-08T16:54:59.7395126Z shell: /usr/bin/bash --noprofile --norc -e -o pipefail {0}
2025-09-08T16:54:59.7396556Z ##[endgroup]
2025-09-08T16:54:59.9110340Z ##[group]Run $GITHUB_ACTION_PATH/setup.sh \
2025-09-08T16:54:59.9111440Z [36;1m$GITHUB_ACTION_PATH/setup.sh \[0m
2025-09-08T16:54:59.9112382Z [36;1m  -n '3.16.0' \[0m
2025-09-08T16:54:59.9113167Z [36;1m  -a 'x64' \[0m
2025-09-08T16:54:59.9114147Z [36;1m  -c '/opt/hostedtoolcache/flutter/stable-3.16.0-x64' \[0m
2025-09-08T16:54:59.9115347Z [36;1m  -d '/home/runner/.pub-cache' \[0m
2025-09-08T16:54:59.9116432Z [36;1m  stable[0m
2025-09-08T16:54:59.9149327Z shell: /usr/bin/bash --noprofile --norc -e -o pipefail {0}
2025-09-08T16:54:59.9150481Z ##[endgroup]
2025-09-08T16:55:00.0726807Z   % Total    % Received % Xferd  Average Speed   Time    Time     Time  Current
2025-09-08T16:55:00.0729922Z                                  Dload  Upload   Total   Spent    Left  Speed
2025-09-08T16:55:00.0731134Z 
2025-09-08T16:55:00.7436636Z   0     0    0     0    0     0      0      0 --:--:-- --:--:-- --:--:--     0
2025-09-08T16:55:01.7440198Z  20  627M   20  128M    0     0   191M      0  0:00:03 --:--:--  0:00:03  191M
2025-09-08T16:55:02.7437621Z  58  627M   58  364M    0     0   218M      0  0:00:02  0:00:01  0:00:01  218M
2025-09-08T16:55:02.9361103Z  90  627M   90  568M    0     0   213M      0  0:00:02  0:00:02 --:--:--  213M
2025-09-08T16:55:02.9362024Z 100  627M  100  627M    0     0   219M      0  0:00:02  0:00:02 --:--:--  219M
